../Core/Src/main.c:152:6:HAL_CAN_RxFifo0MsgPendingCallback	56	static
../Core/Src/main.c:185:6:set_LED	16	static
../Core/Src/main.c:193:6:HAL_GPIO_EXTI_Callback	16	static
../Core/Src/main.c:213:5:main	16	static
../Core/Src/main.c:376:6:SystemClock_Config	88	static
../Core/Src/main.c:423:13:MX_ADC1_Init	24	static
../Core/Src/main.c:475:13:MX_CAN1_Init	8	static
../Core/Src/main.c:512:13:MX_CAN2_Init	8	static
../Core/Src/main.c:551:13:MX_USART3_UART_Init	8	static
../Core/Src/main.c:584:13:MX_GPIO_Init	48	static
../Core/Src/main.c:639:6:MX_CAN1_Setup	8	static
../Core/Src/main.c:663:6:MX_CAN2_Setup	8	static
../Core/Src/main.c:687:6:USART3_SendString	16	static
../Core/Src/main.c:695:6:PrintCANLog	88	static
../Core/Src/main.c:719:6:HAL_UART_RxCpltCallback	16	static
../Core/Src/main.c:727:6:delay	16	static
../Core/Src/main.c:737:6:Error_Handler	4	static,ignoring_inline_asm
